<html>
<body>
<pre>
<h1>µVision Build Log</h1>
<h2>Tool Versions:</h2>
IDE-Version: ¦ÌVision V5.42.0.0
Copyright (C) 2025 ARM Ltd and ARM Germany GmbH. All rights reserved.
License Information: dinglei XU, Hunan Normal University, LIC=03C6R-KPM13-LQZ0Q-NVY8J-KXDR5-I0UTF
 
Tool Versions:
Toolchain:       MDK-ARM Plus  Version: 5.42.0.0
Toolchain Path:  E:\Keil5\ARM\ARMCLANG\Bin
C Compiler:      ArmClang.exe V6.23
Assembler:       Armasm.exe V6.23
Linker/Locator:  ArmLink.exe V6.23
Library Manager: ArmAr.exe V6.23
Hex Converter:   FromElf.exe V6.23
CPU DLL:         SARMCM3.DLL V5.42.0.0
Dialog DLL:      DCM.DLL V1.17.5.0
Target DLL:      CMSIS_AGDI.dll V1.33.22.0
Dialog DLL:      TCM.DLL V1.56.6.0
 
<h2>Project:</h2>
e:\Keil Project\STM32\STM32F103C8T6\BBsCar\MDK-ARM\BBsCar.uvprojx
Project File Date:  06/20/2025

<h2>Output:</h2>
*** Using Compiler 'V6.23', folder: 'E:\Keil5\ARM\ARMCLANG\Bin'
Build target 'BBsCar'
../Core/Src/main.c(244): warning: passing 'char[50]' to parameter of type 'const uint8_t *' (aka 'const unsigned char *') converts between pointers to integer types where one is of the unique plain 'char' type and the other is not [-Wpointer-sign]
  244 |     LCD_ShowString(0, 13 * 0, LCDBuf, WHITE, BLACK, 12, 0);
      |                               ^~~~~~
../Drivers/BSP\lcd.h(84): note: passing argument to parameter 'p' here
   84 | void LCD_ShowString(u16 x,u16 y,const u8 *p,
      |                                           ^
../Core/Src/main.c(246): warning: passing 'char[50]' to parameter of type 'const uint8_t *' (aka 'const unsigned char *') converts between pointers to integer types where one is of the unique plain 'char' type and the other is not [-Wpointer-sign]
  246 |     LCD_ShowString(0, 13 * 1, LCDBuf, WHITE, BLACK, 12, 0);
      |                               ^~~~~~
../Drivers/BSP\lcd.h(84): note: passing argument to parameter 'p' here
   84 | void LCD_ShowString(u16 x,u16 y,const u8 *p,
      |                                           ^
../Core/Src/main.c(248): warning: passing 'char[50]' to parameter of type 'const uint8_t *' (aka 'const unsigned char *') converts between pointers to integer types where one is of the unique plain 'char' type and the other is not [-Wpointer-sign]
  248 |     LCD_ShowString(0, 13 * 2, LCDBuf, WHITE, BLACK, 12, 0);
      |                               ^~~~~~
../Drivers/BSP\lcd.h(84): note: passing argument to parameter 'p' here
   84 | void LCD_ShowString(u16 x,u16 y,const u8 *p,
      |                                           ^
../Core/Src/main.c(250): warning: passing 'char[50]' to parameter of type 'const uint8_t *' (aka 'const unsigned char *') converts between pointers to integer types where one is of the unique plain 'char' type and the other is not [-Wpointer-sign]
  250 |     LCD_ShowString(0, 13 * 3, LCDBuf, WHITE, BLACK, 12, 0);
      |                               ^~~~~~
../Drivers/BSP\lcd.h(84): note: passing argument to parameter 'p' here
   84 | void LCD_ShowString(u16 x,u16 y,const u8 *p,
      |                                           ^
../Core/Src/main.c(253): warning: passing 'char[50]' to parameter of type 'const uint8_t *' (aka 'const unsigned char *') converts between pointers to integer types where one is of the unique plain 'char' type and the other is not [-Wpointer-sign]
  253 |     LCD_ShowString(0, 13 * 4, LCDBuf, WHITE, BLACK, 12, 0);
      |                               ^~~~~~
../Drivers/BSP\lcd.h(84): note: passing argument to parameter 'p' here
   84 | void LCD_ShowString(u16 x,u16 y,const u8 *p,
      |                                           ^
../Core/Src/main.c(255): warning: passing 'char[50]' to parameter of type 'const uint8_t *' (aka 'const unsigned char *') converts between pointers to integer types where one is of the unique plain 'char' type and the other is not [-Wpointer-sign]
  255 |     LCD_ShowString(0, 13 * 5, LCDBuf, WHITE, BLACK, 12, 0);
      |                               ^~~~~~
../Drivers/BSP\lcd.h(84): note: passing argument to parameter 'p' here
   84 | void LCD_ShowString(u16 x,u16 y,const u8 *p,
      |                                           ^
../Core/Src/main.c(257): warning: passing 'char[50]' to parameter of type 'const uint8_t *' (aka 'const unsigned char *') converts between pointers to integer types where one is of the unique plain 'char' type and the other is not [-Wpointer-sign]
  257 |     LCD_ShowString(0, 13 * 6, LCDBuf, WHITE, BLACK, 12, 0);
      |                               ^~~~~~
../Drivers/BSP\lcd.h(84): note: passing argument to parameter 'p' here
   84 | void LCD_ShowString(u16 x,u16 y,const u8 *p,
      |                                           ^
../Core/Src/main.c(259): warning: passing 'char[50]' to parameter of type 'const uint8_t *' (aka 'const unsigned char *') converts between pointers to integer types where one is of the unique plain 'char' type and the other is not [-Wpointer-sign]
  259 |     LCD_ShowString(0, 13 * 7, LCDBuf, WHITE, BLACK, 12, 0);
      |                               ^~~~~~
../Drivers/BSP\lcd.h(84): note: passing argument to parameter 'p' here
   84 | void LCD_ShowString(u16 x,u16 y,const u8 *p,
      |                                           ^
8 warnings generated.
compiling main.c...
linking...
Program Size: Code=20308 RO-data=1452 RW-data=12 ZI-data=1700  
FromELF: creating hex file...
"BBsCar\BBsCar.axf" - 0 Error(s), 8 Warning(s).

<h2>Software Packages used:</h2>

Package Vendor: ARM
                https://www.keil.com/pack/ARM.CMSIS.6.1.0.pack
                ARM::CMSIS@6.1.0
                CMSIS (Common Microcontroller Software Interface Standard)
   * Component: CORE Version: 6.1.0

Package Vendor: Keil
                https://www.keil.com/pack/Keil.STM32F1xx_DFP.2.4.1.pack
                Keil::STM32F1xx_DFP@2.4.1
                STMicroelectronics STM32F1 Series Device Support, Drivers and Examples

<h2>Collection of Component include folders:</h2>
  ./RTE/_BBsCar
  E:/Keil5/ARM/PACK/ARM/CMSIS/6.1.0/CMSIS/Core/Include
  E:/Keil5/ARM/PACK/Keil/STM32F1xx_DFP/2.4.1/Device/Include

<h2>Collection of Component Files used:</h2>

   * Component: ARM::CMSIS:CORE@6.1.0
      Include file:  CMSIS/Core/Include/tz_context.h
Build Time Elapsed:  00:00:03
</pre>
</body>
</html>
